comments.app
contest.com
fragment.com
tdesktop.com
tg.dev
usercontent.dev
quiz.directory
telegram.dog
t.me
telegram.me
tx.me
telega.one
cdn-telegram.org
graph.org
telegram.org
telegram-cdn.org
telesco.pe
telegra.ph
telegram.space
new.fetalmedicine.org
wago.io
edvibe.com
tukui.org
icy-veins.com
figma.com
imo.im
api.imo.im
app.imo.im
cgi.imo.im
console.imo.im
graph.imo.im
img.imo.im
m.imo.im
msg.imo.im
p2p.imo.im
push.imo.im
s.imo.im
s1.imo.im
s2.imo.im
s3.imo.im
s4.imo.im
s5.imo.im
s6.imo.im
s7.imo.im
s8.imo.im
s9.imo.im
stun.imo.im
t1.imo.im
t2.imo.im
t3.imo.im
t4.imo.im
t5.imo.im
t6.imo.im
turn.imo.im
upload.imo.im
web.imo.im
ws.imo.im
wss.imo.im
tunnel.imo.im
stream.imo.im
logs.imo.im
imobus.com
api.imobus.com
app.imobus.com
cgi.imobus.com
console.imobus.com
graph.imobus.com
m.imobus.com
push.imobus.com
s.imobus.com
turn.imobus.com
upload.imobus.com
web.imobus.com
ws.imobus.com
wss.imobus.com
rkimg.com
cdn.rkimg.com
upload.rkimg.com
download.rkimg.com
img.rkimg.com
imocc.com
api.imocc.com
imoim.net
front-perf.imoim.net
apiact.imoim.net
static-act.imoim.net
static-web.imoim.net
activity.imoim.net
feedback.imoim.net
viber.com
cdn.viber.com
www.cdn.viber.com
clients-content.viber.com
media.viber.com
download.viber.com
user-images.viber.com
public.viber.com
avatars.viber.com
static.viber.com
static1.viber.com
static2.viber.com
static3.viber.com
static4.viber.com
static5.viber.com
